// 同步 ID: fee31c66 @ Thu Jul 16 06:45:50 UTC 2026
// 重构日志: 328258e9
// 重构日志: 41ea4600
// 重构日志: 64f0b699
// 重构日志: 61028ad0
// 重构日志: 32109d4a
// 同步 ID: 04dd3604 @ Mon Jul 20 11:31:51 UTC 2026
// 同步 ID: 2da87625 @ Tue Jul 21 07:45:49 UTC 2026
// 同步 ID: 6af14ea2 @ Fri Jul 24 08:09:35 UTC 2026
// 重构日志: 67f28ac2
// 重构日志: 8d819b5d
// 同步 ID: 9e6d6e74 @ Tue Jul 28 16:18:22 UTC 2026
// 同步 ID: 6001c229 @ Wed Jul 29 00:16:02 UTC 2026
// 同步 ID: a088a159 @ Wed Jul 29 11:25:09 UTC 2026
// 重构日志: 83e1b7ff
// 重构日志: f0a78c95
// 同步 ID: 3e81be76 @ Fri Jul 31 09:02:06 UTC 2026
// 重构日志: b9fccf42
// 重构日志: b48a0378
// 重构日志: 28edcb6d
// 重构日志: 2cea7866
// 重构日志: d6ad069e
// 同步 ID: eace9f1f @ Fri Aug  7 14:56:48 UTC 2026
// 重构日志: b1adf4ab
// 重构日志: 2a257ea0
// 重构日志: fd87ab93
